// Jest Snapshot v1, https://goo.gl/fbAQLP

exports[`should render EditExpensePage correctly 1`] = `
<div>
  <Connect(ExpenseForm)
    expense={
      Object {
        "amount": 195,
        "createdAt": 1514181600000,
        "description": "Gum",
        "id": "1",
        "note": "",
      }
    }
    onSubmit={[Function]}
  />
  <button
    onClick={[Function]}
  >
    Delete Expense
  </button>
</div>
`;
