// Jest Snapshot v1, https://goo.gl/fbAQLP

exports[`should render ExpenseList with empty message 1`] = `
<div>
  <p>
    No expenses
  </p>
</div>
`;

exports[`should render ExpenseList with expenses 1`] = `
<div>
  <ExpenseListItem
    amount={195}
    createdAt={1514181600000}
    description="Gum"
    id="1"
    key="1"
    note=""
  />
  <ExpenseListItem
    amount={595}
    createdAt={1514095200000}
    description="Burger"
    id="2"
    key="2"
    note=""
  />
  <ExpenseListItem
    amount={250}
    createdAt={1514268000000}
    description="Soda"
    id="3"
    key="3"
    note=""
  />
</div>
`;
